// Jest Snapshot v1, https://goo.gl/fbAQLP

exports[`Write Test Case for AskNumberOfLots Component To create snapshots of AskNumberOfLots Component 1`] = `Screen {}`;
