// Jest Snapshot v1, https://goo.gl/fbAQLP

exports[`To create Snapshot Of Available Component  1`] = `Screen {}`;
