// Jest Snapshot v1, https://goo.gl/fbAQLP

exports[`To create Snapshots  1`] = `Screen {}`;
